// Jest Snapshot v1, https://goo.gl/fbAQLP

exports[`CustomRadarChart component renders CustomRadarChart component correctly 1`] = `
<div
  class="recharts-wrapper"
  role="region"
  style="position: relative; cursor: default; width: 400px; height: 400px;"
>
  <svg
    class="recharts-surface"
    cx="200"
    cy="200"
    height="400"
    style="width: 100%; height: 100%;"
    viewBox="0 0 400 400"
    width="400"
  >
    <title />
    <desc />
    <defs>
      <clippath
        id="recharts1-clip"
      >
        <rect
          height="390"
          width="390"
          x="5"
          y="5"
        />
      </clippath>
    </defs>
    <g
      class="recharts-polar-grid"
    >
      <g
        class="recharts-polar-grid-angle"
      >
        <line
          cx="200"
          cy="200"
          stroke="#ccc"
          x1="200"
          x2="200"
          y1="200"
          y2="50"
        />
        <line
          cx="200"
          cy="200"
          stroke="#ccc"
          x1="200"
          x2="329.9038105676658"
          y1="200"
          y2="125.00000000000001"
        />
        <line
          cx="200"
          cy="200"
          stroke="#ccc"
          x1="200"
          x2="329.9038105676658"
          y1="200"
          y2="275"
        />
        <line
          cx="200"
          cy="200"
          stroke="#ccc"
          x1="200"
          x2="200"
          y1="200"
          y2="350"
        />
        <line
          cx="200"
          cy="200"
          stroke="#ccc"
          x1="200"
          x2="70.0961894323342"
          y1="200"
          y2="275"
        />
        <line
          cx="200"
          cy="200"
          stroke="#ccc"
          x1="200"
          x2="70.0961894323342"
          y1="200"
          y2="124.99999999999999"
        />
      </g>
      <g
        class="recharts-polar-grid-concentric"
      >
        <circle
          class="recharts-polar-grid-concentric-circle"
          cx="200"
          cy="200"
          fill="none"
          r="0"
          radius="0"
          stroke="#ccc"
        />
        <circle
          class="recharts-polar-grid-concentric-circle"
          cx="200"
          cy="200"
          fill="none"
          r="20"
          radius="20"
          stroke="#ccc"
        />
        <circle
          class="recharts-polar-grid-concentric-circle"
          cx="200"
          cy="200"
          fill="none"
          r="40"
          radius="40"
          stroke="#ccc"
        />
        <circle
          class="recharts-polar-grid-concentric-circle"
          cx="200"
          cy="200"
          fill="none"
          r="60"
          radius="60"
          stroke="#ccc"
        />
        <circle
          class="recharts-polar-grid-concentric-circle"
          cx="200"
          cy="200"
          fill="none"
          r="80"
          radius="80"
          stroke="#ccc"
        />
        <circle
          class="recharts-polar-grid-concentric-circle"
          cx="200"
          cy="200"
          fill="none"
          r="100"
          radius="100"
          stroke="#ccc"
        />
        <circle
          class="recharts-polar-grid-concentric-circle"
          cx="200"
          cy="200"
          fill="none"
          r="120"
          radius="120"
          stroke="#ccc"
        />
        <circle
          class="recharts-polar-grid-concentric-circle"
          cx="200"
          cy="200"
          fill="none"
          r="140"
          radius="140"
          stroke="#ccc"
        />
      </g>
    </g>
    <g
      class="recharts-layer recharts-polar-angle-axis"
    >
      <path
        angle="30"
        class="recharts-polygon angleAxis"
        cx="200"
        cy="200"
        d="M200,50L329.9038105676658,125.00000000000001L329.9038105676658,275L200,350L70.0961894323342,275L70.0961894323342,124.99999999999999L200,50Z"
        fill="none"
        orientation="outer"
        radius="150"
      />
      <g
        class="recharts-layer recharts-polar-angle-axis-ticks"
      >
        <g
          class="recharts-layer recharts-polar-angle-axis-tick"
        >
          <line
            angle="30"
            class="angleAxis"
            cx="200"
            cy="200"
            fill="none"
            orientation="outer"
            radius="150"
            x1="200"
            x2="200"
            y1="50"
            y2="30"
          />
          <text
            class="recharts-text recharts-polar-angle-axis-tick-value"
            cx="200"
            cy="200"
            fill="#808080"
            orientation="outer"
            radius="150"
            stroke="none"
            text-anchor="middle"
            transform="rotate(30, 200, 30)"
            x="200"
            y="30"
          >
            <tspan
              dy="0em"
              x="200"
            >
              Math
            </tspan>
          </text>
        </g>
        <g
          class="recharts-layer recharts-polar-angle-axis-tick"
        >
          <line
            angle="30"
            class="angleAxis"
            cx="200"
            cy="200"
            fill="none"
            orientation="outer"
            radius="150"
            x1="329.9038105676658"
            x2="347.2243186433546"
            y1="125.00000000000001"
            y2="115.00000000000001"
          />
          <text
            class="recharts-text recharts-polar-angle-axis-tick-value"
            cx="200"
            cy="200"
            fill="#808080"
            orientation="outer"
            radius="150"
            stroke="none"
            text-anchor="start"
            transform="rotate(30, 347.2243186433546, 115.00000000000001)"
            x="347.2243186433546"
            y="115.00000000000001"
          >
            <tspan
              dy="0em"
              x="347.2243186433546"
            >
              Chinese
            </tspan>
          </text>
        </g>
        <g
          class="recharts-layer recharts-polar-angle-axis-tick"
        >
          <line
            angle="30"
            class="angleAxis"
            cx="200"
            cy="200"
            fill="none"
            orientation="outer"
            radius="150"
            x1="329.9038105676658"
            x2="347.2243186433546"
            y1="275"
            y2="285"
          />
          <text
            class="recharts-text recharts-polar-angle-axis-tick-value"
            cx="200"
            cy="200"
            fill="#808080"
            orientation="outer"
            radius="150"
            stroke="none"
            text-anchor="start"
            transform="rotate(30, 347.2243186433546, 285)"
            x="347.2243186433546"
            y="285"
          >
            <tspan
              dy="0em"
              x="347.2243186433546"
            >
              English
            </tspan>
          </text>
        </g>
        <g
          class="recharts-layer recharts-polar-angle-axis-tick"
        >
          <line
            angle="30"
            class="angleAxis"
            cx="200"
            cy="200"
            fill="none"
            orientation="outer"
            radius="150"
            x1="200"
            x2="200"
            y1="350"
            y2="370"
          />
          <text
            class="recharts-text recharts-polar-angle-axis-tick-value"
            cx="200"
            cy="200"
            fill="#808080"
            orientation="outer"
            radius="150"
            stroke="none"
            text-anchor="middle"
            transform="rotate(30, 200, 370)"
            x="200"
            y="370"
          >
            <tspan
              dy="0em"
              x="200"
            >
              Geography
            </tspan>
          </text>
        </g>
        <g
          class="recharts-layer recharts-polar-angle-axis-tick"
        >
          <line
            angle="30"
            class="angleAxis"
            cx="200"
            cy="200"
            fill="none"
            orientation="outer"
            radius="150"
            x1="70.0961894323342"
            x2="52.77568135664541"
            y1="275"
            y2="285"
          />
          <text
            class="recharts-text recharts-polar-angle-axis-tick-value"
            cx="200"
            cy="200"
            fill="#808080"
            orientation="outer"
            radius="150"
            stroke="none"
            text-anchor="end"
            transform="rotate(30, 52.77568135664541, 285)"
            x="52.77568135664541"
            y="285"
          >
            <tspan
              dy="0em"
              x="52.77568135664541"
            >
              Physics
            </tspan>
          </text>
        </g>
        <g
          class="recharts-layer recharts-polar-angle-axis-tick"
        >
          <line
            angle="30"
            class="angleAxis"
            cx="200"
            cy="200"
            fill="none"
            orientation="outer"
            radius="150"
            x1="70.0961894323342"
            x2="52.775681356645435"
            y1="124.99999999999999"
            y2="114.99999999999999"
          />
          <text
            class="recharts-text recharts-polar-angle-axis-tick-value"
            cx="200"
            cy="200"
            fill="#808080"
            orientation="outer"
            radius="150"
            stroke="none"
            text-anchor="end"
            transform="rotate(30, 52.775681356645435, 114.99999999999999)"
            x="52.775681356645435"
            y="114.99999999999999"
          >
            <tspan
              dy="0em"
              x="52.775681356645435"
            >
              History
            </tspan>
          </text>
        </g>
      </g>
    </g>
    <g
      class="recharts-layer recharts-polar-radius-axis"
    >
      <line
        class="radiusAxis"
        fill="none"
        orientation="middle"
        radius="150"
        stroke="black"
        x1="200"
        x2="340"
        y1="200"
        y2="200"
      />
      <g
        class="recharts-layer recharts-polar-radius-axis-ticks"
      >
        <g
          class="recharts-layer recharts-polar-radius-axis-tick"
        >
          <text
            class="recharts-text recharts-polar-radius-axis-tick-value"
            cx="200"
            cy="200"
            fill="black"
            orientation="middle"
            radius="150"
            stroke="none"
            text-anchor="middle"
            transform="rotate(90, 200, 200)"
            x="200"
            y="200"
          >
            <tspan
              dy="0em"
              x="200"
            >
              0
            </tspan>
          </text>
        </g>
        <g
          class="recharts-layer recharts-polar-radius-axis-tick"
        >
          <text
            class="recharts-text recharts-polar-radius-axis-tick-value"
            cx="200"
            cy="200"
            fill="black"
            orientation="middle"
            radius="150"
            stroke="none"
            text-anchor="middle"
            transform="rotate(90, 220, 200)"
            x="220"
            y="200"
          >
            <tspan
              dy="0em"
              x="220"
            >
              20
            </tspan>
          </text>
        </g>
        <g
          class="recharts-layer recharts-polar-radius-axis-tick"
        >
          <text
            class="recharts-text recharts-polar-radius-axis-tick-value"
            cx="200"
            cy="200"
            fill="black"
            orientation="middle"
            radius="150"
            stroke="none"
            text-anchor="middle"
            transform="rotate(90, 240, 200)"
            x="240"
            y="200"
          >
            <tspan
              dy="0em"
              x="240"
            >
              40
            </tspan>
          </text>
        </g>
        <g
          class="recharts-layer recharts-polar-radius-axis-tick"
        >
          <text
            class="recharts-text recharts-polar-radius-axis-tick-value"
            cx="200"
            cy="200"
            fill="black"
            orientation="middle"
            radius="150"
            stroke="none"
            text-anchor="middle"
            transform="rotate(90, 260, 200)"
            x="260"
            y="200"
          >
            <tspan
              dy="0em"
              x="260"
            >
              60
            </tspan>
          </text>
        </g>
        <g
          class="recharts-layer recharts-polar-radius-axis-tick"
        >
          <text
            class="recharts-text recharts-polar-radius-axis-tick-value"
            cx="200"
            cy="200"
            fill="black"
            orientation="middle"
            radius="150"
            stroke="none"
            text-anchor="middle"
            transform="rotate(90, 280, 200)"
            x="280"
            y="200"
          >
            <tspan
              dy="0em"
              x="280"
            >
              80
            </tspan>
          </text>
        </g>
        <g
          class="recharts-layer recharts-polar-radius-axis-tick"
        >
          <text
            class="recharts-text recharts-polar-radius-axis-tick-value"
            cx="200"
            cy="200"
            fill="black"
            orientation="middle"
            radius="150"
            stroke="none"
            text-anchor="middle"
            transform="rotate(90, 300, 200)"
            x="300"
            y="200"
          >
            <tspan
              dy="0em"
              x="300"
            >
              100
            </tspan>
          </text>
        </g>
        <g
          class="recharts-layer recharts-polar-radius-axis-tick"
        >
          <text
            class="recharts-text recharts-polar-radius-axis-tick-value"
            cx="200"
            cy="200"
            fill="black"
            orientation="middle"
            radius="150"
            stroke="none"
            text-anchor="middle"
            transform="rotate(90, 320, 200)"
            x="320"
            y="200"
          >
            <tspan
              dy="0em"
              x="320"
            >
              120
            </tspan>
          </text>
        </g>
        <g
          class="recharts-layer recharts-polar-radius-axis-tick"
        >
          <text
            class="recharts-text recharts-polar-radius-axis-tick-value"
            cx="200"
            cy="200"
            fill="black"
            orientation="middle"
            radius="150"
            stroke="none"
            text-anchor="middle"
            transform="rotate(90, 340, 200)"
            x="340"
            y="200"
          >
            <tspan
              dy="0em"
              x="340"
            >
              140
            </tspan>
          </text>
        </g>
      </g>
    </g>
    <g
      class="recharts-layer recharts-radar"
    >
      <g
        class="recharts-layer recharts-radar-polygon"
      >
        <path
          class="recharts-polygon"
          d="M200,200L200,200L200,200L200,200L200,200L200,200L200,200Z"
          fill="blue"
          fill-opacity="0.6"
          name="Data"
          stroke="orange"
          stroke-width="2"
        />
      </g>
    </g>
    <g
      class="recharts-layer recharts-radar"
    >
      <g
        class="recharts-layer recharts-radar-polygon"
      >
        <path
          class="recharts-polygon"
          d="M200,200L200,200L200,200L200,200L200,200L200,200L200,200Z"
          fill="green"
          fill-opacity="0.6"
          name="Data"
          stroke="purple"
          stroke-width="2"
        />
      </g>
    </g>
  </svg>
</div>
`;
